/*------------------------ VwGPManufacturingOrderTransactions
SELECT p.*
FROM [QUPID].[dbo].[VwGPManufacturingOrders] o 
JOIN [QUPID].[dbo].[VwGPManufacturingOrderTransactions] p on p.mo_id = o.mo_id
WHERE o.start_date >= '2017-01-01'
------------------------*/
eid|last_name|first_name|datatype_id|mo_id|job_id|item_id|item_description|sequence_id|description|labor_code|start_date|start_time|finish_date|finish_time|LABCODEDESC_I|LABCODEPAYCODESEL_I|elapsed_hrs|complete_qty|reject_qty|change_date|user_id|labor_cost|setup_flag|cb_flag|POSTABLE_I|MFGNOTEINDEX_I|fixed_ohead_cost|variable_ohead_cost|DEX_ROW_ID
1207           |SERIE                |TERRY          |1|M17-10003                      |37775                          |37775-01                       |Sprocket Assy, Rev. 00                                                                               |020        |Machining - Turning                                                                                  |Labor      |2017-01-09 00:00:00.000|1900-01-01 06:08:00.000|2017-01-09 00:00:00.000|1900-01-01 07:08:16.000|                               |2|1.00444|1.00000|0.00000|2017-01-03 00:00:00.000|ADC            |15.07000|0|0|1|0.00000|0.00000|45.20000|85889
1207           |SERIE                |TERRY          |1|M17-10003                      |37775                          |37775-01                       |Sprocket Assy, Rev. 00                                                                               |020        |Machining - Turning                                                                                  |Labor      |2017-01-09 00:00:00.000|1900-01-01 07:08:17.000|2017-01-09 00:00:00.000|1900-01-01 11:39:44.000|                               |2|4.52417|1.00000|0.00000|2017-01-03 00:00:00.000|ADC            |67.86000|0|0|1|0.00000|0.00000|203.59000|85890
