/*------------------------
select * from VwGPManufacturingOrderProcesses p join VwGPManufacturingOrders o on p.mo_id = o.mo_id
where item_id like 'PARC-%';
------------------------*/
mo_id|sequence_id|parallel_seq_id|next_seq_id|routing_description|wc_id|wc_description|operation_id|machine_id|setup_hrs|machine_hrs|run_hrs|labor_hrs|cycle_hrs|notes|closed_date|closed_by|done_flag|mo_id|job_id|mo_type|item_id|item_description|bom_id|bom_rev|bom_type|routing_id|routing_rev|drawing_id|drawing_rev|drawing_description|end_qty|start_qty|start_date|end_date|uom_id|standard_qty|shipping_uom
M16-10376|005        |           |           |Inventory                                                                                            |WC81-SS    |Shipping Support               |       |           |0.00000|0.00000|0.01667|0.01667|0.01667|NULL|1900-01-01 00:00:00.000|                               |0|M16-10376|37756                          |3|PARC-00001                     |Simple, Damper, Rev. -                                                                               |               |1                                                  |1|PARC-00001                     |                                                   |PARC-00001                     |-|Simple, Damper|1.00000|1.00000|2016-10-12 00:00:00.000|2016-10-12 00:00:00.000|EA - Z     |0.00000|0
M16-10376|030        |           |           |Machining - Milling                                                                                  |WC41-HTC   |Horz Turn Centers              |       |           |3.50000|0.00000|4.50000|1.00000|1.00000|NULL|1900-01-01 00:00:00.000|                               |0|M16-10376|37756                          |3|PARC-00001                     |Simple, Damper, Rev. -                                                                               |               |1                                                  |1|PARC-00001                     |                                                   |PARC-00001                     |-|Simple, Damper|1.00000|1.00000|2016-10-12 00:00:00.000|2016-10-12 00:00:00.000|EA - Z     |0.00000|0
M16-10376|040        |           |           |Machining - Milling                                                                                  |WC41-HTC   |Horz Turn Centers              |       |           |2.00000|0.00000|2.50000|0.50000|0.50000|NULL|1900-01-01 00:00:00.000|                               |0|M16-10376|37756                          |3|PARC-00001                     |Simple, Damper, Rev. -                                                                               |               |1                                                  |1|PARC-00001                     |                                                   |PARC-00001                     |-|Simple, Damper|1.00000|1.00000|2016-10-12 00:00:00.000|2016-10-12 00:00:00.000|EA - Z     |0.00000|0
M16-10376|050        |           |           |Deburr/Hot Wash                                                                                      |WC81-SS    |Shipping Support               |       |           |0.00000|0.00000|0.25000|0.25000|0.25000|NULL|1900-01-01 00:00:00.000|                               |0|M16-10376|37756                          |3|PARC-00001                     |Simple, Damper, Rev. -                                                                               |               |1                                                  |1|PARC-00001                     |                                                   |PARC-00001                     |-|Simple, Damper|1.00000|1.00000|2016-10-12 00:00:00.000|2016-10-12 00:00:00.000|EA - Z     |0.00000|0
M16-10376|060        |           |           |Inspection                                                                                           |WC89-QC    |Quality Control                |       |           |0.00000|0.00000|0.16667|0.16667|0.16667|NULL|1900-01-01 00:00:00.000|                               |0|M16-10376|37756                          |3|PARC-00001                     |Simple, Damper, Rev. -                                                                               |               |1                                                  |1|PARC-00001                     |                                                   |PARC-00001                     |-|Simple, Damper|1.00000|1.00000|2016-10-12 00:00:00.000|2016-10-12 00:00:00.000|EA - Z     |0.00000|0
M16-10376|900        |           |           |Rework                                                                                               |WC0000     |Total Manufacturing            |       |           |0.00000|0.00000|0.00000|0.00000|0.00000|NULL|1900-01-01 00:00:00.000|                               |0|M16-10376|37756                          |3|PARC-00001                     |Simple, Damper, Rev. -                                                                               |               |1                                                  |1|PARC-00001                     |                                                   |PARC-00001                     |-|Simple, Damper|1.00000|1.00000|2016-10-12 00:00:00.000|2016-10-12 00:00:00.000|EA - Z     |0.00000|0
M16-10376|999        |           |           |Inventory                                                                                            |WC81-SS    |Shipping Support               |       |           |0.00000|0.00000|0.16667|0.16667|0.16667|NULL|1900-01-01 00:00:00.000|                               |0|M16-10376|37756                          |3|PARC-00001                     |Simple, Damper, Rev. -                                                                               |               |1                                                  |1|PARC-00001                     |                                                   |PARC-00001                     |-|Simple, Damper|1.00000|1.00000|2016-10-12 00:00:00.000|2016-10-12 00:00:00.000|EA - Z     |0.00000|0
M16-10377|005        |           |           |Inventory                                                                                            |WC81-SS    |Shipping Support               |       |           |0.00000|0.00000|0.01667|0.01667|0.01667|NULL|1900-01-01 00:00:00.000|                               |0|M16-10377|37757                          |3|PARC-00002                     |Bracket-TCGO4000043180, Rev. -                                                                       |               |1                                                  |1|PARC-00002                     |                                                   |PARC-00002                     |-|Bracket, TCGO4000043180|1.00000|1.00000|2016-10-12 00:00:00.000|2016-10-12 00:00:00.000|EA - Z     |0.00000|0
M16-10377|030        |           |           |Machining - Milling                                                                                  |WC41-HTC   |Horz Turn Centers              |       |           |3.50000|0.00000|4.50000|0.75000|1.00000|NULL|1900-01-01 00:00:00.000|                               |0|M16-10377|37757                          |3|PARC-00002                     |Bracket-TCGO4000043180, Rev. -                                                                       |               |1                                                  |1|PARC-00002                     |                                                   |PARC-00002                     |-|Bracket, TCGO4000043180|1.00000|1.00000|2016-10-12 00:00:00.000|2016-10-12 00:00:00.000|EA - Z     |0.00000|0
M16-10377|040        |           |           |Machining - Milling                                                                                  |WC41-HTC   |Horz Turn Centers              |       |           |2.00000|0.00000|2.50000|0.50000|0.50000|NULL|1900-01-01 00:00:00.000|                               |0|M16-10377|37757                          |3|PARC-00002                     |Bracket-TCGO4000043180, Rev. -                                                                       |               |1                                                  |1|PARC-00002                     |                                                   |PARC-00002                     |-|Bracket, TCGO4000043180|1.00000|1.00000|2016-10-12 00:00:00.000|2016-10-12 00:00:00.000|EA - Z     |0.00000|0
M16-10377|050        |           |           |Deburr/Hot Wash                                                                                      |WC81-SS    |Shipping Support               |       |           |0.00000|0.00000|0.25000|0.25000|0.25000|NULL|1900-01-01 00:00:00.000|                               |0|M16-10377|37757                          |3|PARC-00002                     |Bracket-TCGO4000043180, Rev. -                                                                       |               |1                                                  |1|PARC-00002                     |                                                   |PARC-00002                     |-|Bracket, TCGO4000043180|1.00000|1.00000|2016-10-12 00:00:00.000|2016-10-12 00:00:00.000|EA - Z     |0.00000|0
M16-10377|060        |           |           |Inspection                                                                                           |WC89-QC    |Quality Control                |       |           |0.00000|0.00000|0.16667|0.16667|0.16667|NULL|1900-01-01 00:00:00.000|                               |0|M16-10377|37757                          |3|PARC-00002                     |Bracket-TCGO4000043180, Rev. -                                                                       |               |1                                                  |1|PARC-00002                     |                                                   |PARC-00002                     |-|Bracket, TCGO4000043180|1.00000|1.00000|2016-10-12 00:00:00.000|2016-10-12 00:00:00.000|EA - Z     |0.00000|0
M16-10377|900        |           |           |Rework                                                                                               |WC0000     |Total Manufacturing            |       |           |0.00000|0.00000|0.00000|0.00000|0.00000|NULL|1900-01-01 00:00:00.000|                               |0|M16-10377|37757                          |3|PARC-00002                     |Bracket-TCGO4000043180, Rev. -                                                                       |               |1                                                  |1|PARC-00002                     |                                                   |PARC-00002                     |-|Bracket, TCGO4000043180|1.00000|1.00000|2016-10-12 00:00:00.000|2016-10-12 00:00:00.000|EA - Z     |0.00000|0
M16-10377|999        |           |           |Inventory                                                                                            |WC81-SS    |Shipping Support               |       |           |0.00000|0.00000|0.16667|0.16667|0.16667|NULL|1900-01-01 00:00:00.000|                               |0|M16-10377|37757                          |3|PARC-00002                     |Bracket-TCGO4000043180, Rev. -                                                                       |               |1                                                  |1|PARC-00002                     |                                                   |PARC-00002                     |-|Bracket, TCGO4000043180|1.00000|1.00000|2016-10-12 00:00:00.000|2016-10-12 00:00:00.000|EA - Z     |0.00000|0
M16-10378|005        |           |           |Inventory                                                                                            |WC81-SS    |Shipping Support               |       |           |0.00000|0.00000|0.01667|0.01667|0.01667|NULL|1900-01-01 00:00:00.000|                               |0|M16-10378|37758                          |3|PARC-00003                     |Base, Part 1a, Rev. -                                                                                |               |1                                                  |1|PARC-00003                     |                                                   |PARC-00003                     |-|Base, Part 1a|1.00000|1.00000|2016-10-12 00:00:00.000|2016-10-12 00:00:00.000|EA - Z     |0.00000|0
M16-10378|030        |           |           |Machining - Milling                                                                                  |WC41-HTC   |Horz Turn Centers              |       |           |3.50000|0.00000|3.75000|0.25000|0.25000|NULL|1900-01-01 00:00:00.000|                               |0|M16-10378|37758                          |3|PARC-00003                     |Base, Part 1a, Rev. -                                                                                |               |1                                                  |1|PARC-00003                     |                                                   |PARC-00003                     |-|Base, Part 1a|1.00000|1.00000|2016-10-12 00:00:00.000|2016-10-12 00:00:00.000|EA - Z     |0.00000|0
M16-10378|040        |           |           |Deburr/Hot Wash                                                                                      |WC81-SS    |Shipping Support               |       |           |0.00000|0.00000|0.25000|0.25000|0.25000|NULL|1900-01-01 00:00:00.000|                               |0|M16-10378|37758                          |3|PARC-00003                     |Base, Part 1a, Rev. -                                                                                |               |1                                                  |1|PARC-00003                     |                                                   |PARC-00003                     |-|Base, Part 1a|1.00000|1.00000|2016-10-12 00:00:00.000|2016-10-12 00:00:00.000|EA - Z     |0.00000|0
M16-10378|050        |           |           |Inspection                                                                                           |WC89-QC    |Quality Control                |       |           |0.00000|0.00000|0.16667|0.16667|0.16667|NULL|1900-01-01 00:00:00.000|                               |0|M16-10378|37758                          |3|PARC-00003                     |Base, Part 1a, Rev. -                                                                                |               |1                                                  |1|PARC-00003                     |                                                   |PARC-00003                     |-|Base, Part 1a|1.00000|1.00000|2016-10-12 00:00:00.000|2016-10-12 00:00:00.000|EA - Z     |0.00000|0
M16-10378|900        |           |           |Rework                                                                                               |WC0000     |Total Manufacturing            |       |           |0.00000|0.00000|0.00000|0.00000|0.00000|NULL|1900-01-01 00:00:00.000|                               |0|M16-10378|37758                          |3|PARC-00003                     |Base, Part 1a, Rev. -                                                                                |               |1                                                  |1|PARC-00003                     |                                                   |PARC-00003                     |-|Base, Part 1a|1.00000|1.00000|2016-10-12 00:00:00.000|2016-10-12 00:00:00.000|EA - Z     |0.00000|0
M16-10378|999        |           |           |Inventory                                                                                            |WC81-SS    |Shipping Support               |       |           |0.00000|0.00000|0.16667|0.16667|0.16667|NULL|1900-01-01 00:00:00.000|                               |0|M16-10378|37758                          |3|PARC-00003                     |Base, Part 1a, Rev. -                                                                                |               |1                                                  |1|PARC-00003                     |                                                   |PARC-00003                     |-|Base, Part 1a|1.00000|1.00000|2016-10-12 00:00:00.000|2016-10-12 00:00:00.000|EA - Z     |0.00000|0
M16-10379|005        |           |           |Inventory                                                                                            |WC81-SS    |Shipping Support               |       |           |0.00000|0.00000|0.01667|0.01667|0.01667|NULL|1900-01-01 00:00:00.000|                               |0|M16-10379|37759                          |3|PARC-00004                     |Rear Mount, HV, Left, Rev. -                                                                         |               |1                                                  |1|PARC-00004                     |                                                   |PARC-00004                     |-|Rear, HV, Mount, Left|1.00000|1.00000|2016-10-12 00:00:00.000|2016-10-12 00:00:00.000|EA - Z     |0.00000|0
M16-10379|030        |           |           |Machining - Milling                                                                                  |WC41-HTC   |Horz Turn Centers              |       |           |3.50000|0.00000|3.83333|0.33333|0.33333|NULL|2016-08-17 00:00:00.000|ADC                            |1|M16-10379|37759                          |3|PARC-00004                     |Rear Mount, HV, Left, Rev. -                                                                         |               |1                                                  |1|PARC-00004                     |                                                   |PARC-00004                     |-|Rear, HV, Mount, Left|1.00000|1.00000|2016-10-12 00:00:00.000|2016-10-12 00:00:00.000|EA - Z     |0.00000|0
M16-10379|040        |           |           |Deburr/Hot Wash                                                                                      |WC81-SS    |Shipping Support               |       |           |0.00000|0.00000|0.25000|0.25000|0.25000|NULL|1900-01-01 00:00:00.000|                               |0|M16-10379|37759                          |3|PARC-00004                     |Rear Mount, HV, Left, Rev. -                                                                         |               |1                                                  |1|PARC-00004                     |                                                   |PARC-00004                     |-|Rear, HV, Mount, Left|1.00000|1.00000|2016-10-12 00:00:00.000|2016-10-12 00:00:00.000|EA - Z     |0.00000|0
M16-10379|050        |           |           |Inspection                                                                                           |WC89-QC    |Quality Control                |       |           |0.00000|0.00000|0.16667|0.16667|0.16667|NULL|1900-01-01 00:00:00.000|                               |0|M16-10379|37759                          |3|PARC-00004                     |Rear Mount, HV, Left, Rev. -                                                                         |               |1                                                  |1|PARC-00004                     |                                                   |PARC-00004                     |-|Rear, HV, Mount, Left|1.00000|1.00000|2016-10-12 00:00:00.000|2016-10-12 00:00:00.000|EA - Z     |0.00000|0
M16-10379|900        |           |           |Rework                                                                                               |WC0000     |Total Manufacturing            |       |           |0.00000|0.00000|0.00000|0.00000|0.00000|NULL|1900-01-01 00:00:00.000|                               |0|M16-10379|37759                          |3|PARC-00004                     |Rear Mount, HV, Left, Rev. -                                                                         |               |1                                                  |1|PARC-00004                     |                                                   |PARC-00004                     |-|Rear, HV, Mount, Left|1.00000|1.00000|2016-10-12 00:00:00.000|2016-10-12 00:00:00.000|EA - Z     |0.00000|0
M16-10379|999        |           |           |Inventory                                                                                            |WC81-SS    |Shipping Support               |       |           |0.00000|0.00000|0.16667|0.16667|0.16667|NULL|1900-01-01 00:00:00.000|                               |0|M16-10379|37759                          |3|PARC-00004                     |Rear Mount, HV, Left, Rev. -                                                                         |               |1                                                  |1|PARC-00004                     |                                                   |PARC-00004                     |-|Rear, HV, Mount, Left|1.00000|1.00000|2016-10-12 00:00:00.000|2016-10-12 00:00:00.000|EA - Z     |0.00000|0

(26 row(s) affected)

