/*------------------------ VwGPManufacturingOrderProcesses
SELECT p.*
FROM [QUPID].[dbo].[VwGPManufacturingOrders] o 
JOIN [QUPID].[dbo].[VwGPManufacturingOrderProcesses] p on p.mo_id = o.mo_id
WHERE o.start_date >= '2017-01-01'
------------------------*/
mo_id|sequence_id|parallel_seq_id|next_seq_id|routing_description|wc_id|wc_description|operation_id|machine_id|setup_hrs|machine_hrs|run_hrs|labor_hrs|cycle_hrs|notes|closed_date|closed_by|done_flag
M17-10003|005        |           |           |Inventory                                                                                            |WC81-SS    |Shipping Support               |       |           |0.00000|0.00000|0.50000|0.12500|0.12500|Remove 37775-01-000 from inventory and release for mfg'ing|1900-01-01 00:00:00.000|                               |0
M17-10003|020        |           |           |Machining - Turning                                                                                  |WC41-HTC   |Horz Turn Centers              |       |           |2.50000|0.00000|5.50000|0.75000|0.75000|Chuck on lower 3.25" inches of ODUse dwg# 37775-01-020Machine the following features:  #23 - 7.51 min overall thickness,       NOTE:  100% cleanup required  #26 - 9.700 +.005/-.000 dia,  #28 - .75 +/- .050 depth,  #27 - 12.205 +/- .020 dia,  #25 - .060 x 45 degree chamfer - 3x,  #38 - .611 +/- .002 length,  #30 - R.472,  #05 - 20.335 +/- .020 dia,  #24 - 3.90 +/- .25 length,  #31 - .197 x 45 degree chamfer,  #43 - 125 max surface finish,  #45 - UOS, break all edges .02 x 45 degree,  #12 - Paint pencil SN/heat code on OD.|2017-01-03 00:00:00.000|ADC                            |1
M17-10003|030        |           |           |Machining - Turning                                                                                  |WC41-HTC   |Horz Turn Centers              |       |           |2.00000|0.00000|5.00000|0.75000|0.75000|Chuck on OD and indicate to .002" max TIR.Use dwg# 37775-01-030Machine the following features:  #23 - 7.382 +/-.005 thickness,  #22 - 9.00 +/- .05 dia,  #46 - 4.00 +/- .05 length,  #21 - 11.806 +/- .005 dia,  #39 - 6.535 +/- .005 length,  #41 - R.158,  #25 - .050 x 45 degree chamfer - 3x,  #05 - 20.335 +/- .020 dia to blend,  #40 - .197 x 45 degree chamfer,  #45 - UOS, break all edges .020 x 45 degree chamfer,  #43 - 125 max surface finish,  #12 - Stamp SN/heat code on top face near ID.|1900-01-01 00:00:00.000|                               |0
M17-10003|040        |           |           |Machining - Milling                                                                                  |WC17-HMC   |Horz Mach Centers              |       |           |7.00000|0.00000|27.00000|5.00000|5.00000|Load part as shown and clamp thru bore.Indicate OD within .005" max TIR.Use dwg# 37775-01-040Machine the following features:  #06 - 4.524 +/-. 016 length typ,  #10 - 5.354 +/- .039 length typ,  #09 - 4.100 ref length typ,  #11 - 15 degree typ,  #07 - R1.00 typ,  #08 - R.394 typ,  #03 - 9.527 +/-. 039 length typ,  #04 - R.827 +.020/-.000 typ,  #01 - 7.719 +/- .025 length typ,  #27 - 12.205 +/- .030 barrel dia,  #21 - 11.806 +/- .005 groove dia,  #24 - 3.876 +/- .005 groove location,  #36 - 2.185 +/- .020 groove width,  #33 - R.827 typ,  #34 - .315 length x .472 length chamfer typ,  #43 - 125 max surface finish,  #45 - Break all edges .03 x 45 degree.|1900-01-01 00:00:00.000|                               |0
M17-10003|045        |           |           |Machining - Milling/Drilling                                                                         |WC17-HMC   |Horz Mach Centers              |       |           |1.50000|0.00000|4.50000|0.75000|0.75000|NOTE:  Alternative is to complete in Vert OkumaLoad part against angle plateUse dwg# 37775-01-045Machine the following features:  #12 - Mill info .010" dp,  #47 - .411/.398 dia x 1.770 max dp -- 10x,  #48 - .622/.592 dia x 45 degree chamfer -- 10x,  #49 - M12 x 1.75 - 6H x 1.425 min dp -- 10x,  #50 - .024 max true position to -A-,  #45 - Break all edges .030 x 45 degree.|1900-01-01 00:00:00.000|                               |0
M17-10003|050        |           |           |Inspection                                                                                           |WC89-QC    |Quality Control                |       |           |0.00000|0.00000|1.00000|0.25000|0.25000|NULL|1900-01-01 00:00:00.000|                               |0
M17-10003|060        |           |           |Pack & Ship                                                                                          |WC81-SS    |Shipping Support               |       |           |0.00000|0.00000|8.00000|2.00000|2.00000|Polish all chain pocket surfaces to 125 maxWash & pack  NOTE:  Before packing, install short M12x1.75 SHCS to protect thds|1900-01-01 00:00:00.000|                               |0
M17-10003|065        |           |           |Heat Treat                                                                                           |VC70-HT    |Heat Treating                  |       |           |0.00000|0.00000|0.00000|0.00000|0.00000|Send to heat treat per customer's requirements -- not ITAMCO's responsibility.  NOTE 1:  These sprockets are shipped to Penna-Flame.  NOTE 2:  Place on PO for Penna-Flame to contact LWA for specific material information.|1900-01-01 00:00:00.000|                               |0
M17-10003|070        |           |           |Receive Sprockets                                                                                    |WC81-SS    |Shipping Support               |       |           |0.00000|0.00000|1.00000|0.25000|0.25000|Lightly shot clean sprockets.|1900-01-01 00:00:00.000|                               |0
M17-10003|075        |           |           |Inspection                                                                                           |WC89-QC    |Quality Control                |       |           |0.00000|0.00000|0.00000|0.00000|0.00000|Check HB550 min hardness in pocket.  NOTE:  Heat treat is not ITAMCO's responsibility -- only checking for customer as verification.  NOTE:  Notify customer if not per requirement.|1900-01-01 00:00:00.000|                               |0
M17-10003|080        |           |           |Machining - Turning                                                                                  |WC41-HTC   |Horz Turn Centers              |       |           |1.00000|0.00000|3.00000|0.50000|0.50000|Chuck in 9.000 IDUse dwg# 37775-01-999   NOTE:  Remove approx .020" from front faceMachine the following features:  #24 - 3.858 +.000/-.004 length,  #51 - .591 ref length,  #26 - 10.0414/10.0394 dia,    NOTE:  Error oversize instead of undersize  #28 - 1.063 +.020/-.000 depth,  #24 - .045 x 45 degree chamfer,    NOTE:  Increased from print to provide additional	         clearance w/ radii on mating part  #52 - R.031,  #29 - .669 x 45 degree chamfer,    NOTE:  Start chamfer at 9.881 dia  #45 - Break all sharp edges,  #43 - 125 max surface finish.|1900-01-01 00:00:00.000|                               |0
M17-10003|090        |           |           |Inspection                                                                                           |WC89-QC    |Quality Control                |       |           |0.00000|0.00000|1.00000|0.25000|0.25000|Audit as necessary to release for inventory|1900-01-01 00:00:00.000|                               |0
M17-10003|900        |           |           |Rework                                                                                               |WC0000     |Total Manufacturing            |       |           |0.00000|0.00000|0.00000|0.00000|0.00000|Use this operation to document time necessary for rework|1900-01-01 00:00:00.000|                               |0
M17-10003|999        |           |           |Inventory                                                                                            |WC81-SS    |Shipping Support               |       |           |0.00000|0.00000|1.00000|0.25000|0.25000|QC-approved material to be placed into inventory until required for assembly.|1900-01-01 00:00:00.000|                               |0
