/*------------------------
/****** Script for SelectTopNRows command from SSMS  ******/
SELECT * FROM work_center_tools
------------------------*/
sid|work_centers_sid|tool_no|tool_item_id|instance_id|tool_id|tool_description|tool_type|tool_length_min|insert_item_id|insert_id|holder_item_id|holder_id|max_depth_cut|diameter_cutting|create_sid|create_date|change_sid|change_date|change_count|delete_sid|delete_date
1|1046|1|NULL|NULL|Ball End Mill|BallMill_Large|Mill|NULL|NULL|NULL|NULL|NULL|6|1|4|2017-09-01 00:00:00|NULL|NULL|1|NULL|NULL
2|1046|2|NULL|NULL|Flat End Mill|FlatMill|Mill|NULL|NULL|NULL|NULL|NULL|4|0.25|4|2017-09-01 00:00:00|NULL|NULL|1|NULL|NULL
3|1046|3|NULL|NULL|Flat End Mill|FlatMill|Mill|NULL|NULL|NULL|NULL|NULL|4|0.25|4|2017-09-01 00:00:00|NULL|NULL|1|NULL|NULL
4|1046|1|NULL|NULL|Drill|Drill_Small|Drill|NULL|NULL|NULL|NULL|NULL|4|0.5|4|2017-09-01 00:00:00|NULL|NULL|1|NULL|NULL
5|1046|2|NULL|NULL|Drill|Drill_Small|Drill|NULL|NULL|NULL|NULL|NULL|4|0.5|4|2017-09-01 00:00:00|NULL|NULL|1|NULL|NULL
6|1046|3|NULL|NULL|Ball End Mill|BallMill_Large|Mill|NULL|NULL|NULL|NULL|NULL|6|1|4|2017-09-01 00:00:00|NULL|NULL|1|NULL|NULL
7|1046|4|NULL|NULL|Ball End Mill|BallMill_Large|Mill|NULL|NULL|NULL|NULL|NULL|6|1|4|2017-09-01 00:00:00|NULL|NULL|1|NULL|NULL
8|1046|1|NULL|NULL|Drill|Drill_Large|Drill|NULL|NULL|NULL|NULL|NULL|4|1|4|2017-09-01 00:00:00|NULL|NULL|1|NULL|NULL
9|1046|2|NULL|NULL|Drill|Drill_Large|Drill|NULL|NULL|NULL|NULL|NULL|4|1|4|2017-09-01 00:00:00|NULL|NULL|1|NULL|NULL
10|1046|3|NULL|NULL|Ball End Mill|BallMill_Large|Mill|NULL|NULL|NULL|NULL|NULL|6|1|4|2017-09-01 00:00:00|NULL|NULL|1|NULL|NULL
11|1046|4|NULL|NULL|Flat End Mill|FlatMill|Mill|NULL|NULL|NULL|NULL|NULL|4|0.25|4|2017-09-01 00:00:00|NULL|NULL|1|NULL|NULL
12|1046|5|NULL|NULL|Flat End Mill|FlatMill|Mill|NULL|NULL|NULL|NULL|NULL|4|0.25|4|2017-09-01 00:00:00|NULL|NULL|1|NULL|NULL
13|1046|1|NULL|NULL|Drill|Drill_Large|Drill|NULL|NULL|NULL|NULL|NULL|4|1|4|2017-09-01 00:00:00|NULL|NULL|1|NULL|NULL
14|1046|2|NULL|NULL|Drill|Drill_Large|Drill|NULL|NULL|NULL|NULL|NULL|4|1|4|2017-09-01 00:00:00|NULL|NULL|1|NULL|NULL
15|1046|3|NULL|NULL|Ball End Mill|BallMill_Small|Mill|NULL|NULL|NULL|NULL|NULL|1.3125|0.4375|4|2017-09-01 00:00:00|NULL|NULL|1|NULL|NULL
16|1046|4|NULL|NULL|Ball End Mill|BallMill_Small|Mill|NULL|NULL|NULL|NULL|NULL|1.3125|0.4375|4|2017-09-01 00:00:00|NULL|NULL|1|NULL|NULL
17|1046|1|NULL|NULL|Ball End Mill|BallMill_Small|Mill|NULL|NULL|NULL|NULL|NULL|1.3125|0.4375|4|2017-09-01 00:00:00|NULL|NULL|1|NULL|NULL
18|1046|2|NULL|NULL|Flat End Mill|FlatMill|Mill|NULL|NULL|NULL|NULL|NULL|4|0.25|4|2017-09-01 00:00:00|NULL|NULL|1|NULL|NULL
19|1046|3|NULL|NULL|Flat End Mill|FlatMill|Mill|NULL|NULL|NULL|NULL|NULL|4|0.25|4|2017-09-01 00:00:00|NULL|NULL|1|NULL|NULL
20|1046|1|NULL|NULL|Flat End Mill|FlatMill|Mill|NULL|NULL|NULL|NULL|NULL|4|0.25|4|2017-09-01 00:00:00|NULL|NULL|1|NULL|NULL
21|1046|2|NULL|NULL|Flat End Mill|FlatMill|Mill|NULL|NULL|NULL|NULL|NULL|4|0.25|4|2017-09-01 00:00:00|NULL|NULL|1|NULL|NULL
22|1046|1|NULL|NULL|Ball End Mill|BallMill_Large|Mill|NULL|NULL|NULL|NULL|NULL|6|1|4|2017-09-01 00:00:00|NULL|NULL|1|NULL|NULL
23|1046|2|NULL|NULL|Ball End Mill|BallMill_Large|Mill|NULL|NULL|NULL|NULL|NULL|6|1|4|2017-09-01 00:00:00|NULL|NULL|1|NULL|NULL
24|1046|3|NULL|NULL|Drill|Drill_Med|Drill|NULL|NULL|NULL|NULL|NULL|4|0.66|4|2017-09-01 00:00:00|NULL|NULL|1|NULL|NULL
25|1046|4|NULL|NULL|Drill|Drill_Med|Drill|NULL|NULL|NULL|NULL|NULL|4|0.66|4|2017-09-01 00:00:00|NULL|NULL|1|NULL|NULL
26|1046|1|NULL|NULL|Flat End Mill|FlatMill|Mill|NULL|NULL|NULL|NULL|NULL|4|0.25|4|2017-09-01 00:00:00|NULL|NULL|1|NULL|NULL
27|1046|2|NULL|NULL|Flat End Mill|FlatMill|Mill|NULL|NULL|NULL|NULL|NULL|4|0.25|4|2017-09-01 00:00:00|NULL|NULL|1|NULL|NULL
28|1046|1|NULL|NULL|Ball End Mill|BallMill_Large|Mill|NULL|NULL|NULL|NULL|NULL|6|1|4|2017-09-01 00:00:00|NULL|NULL|1|NULL|NULL
29|1046|2|NULL|NULL|Ball End Mill|BallMill_Small|Mill|NULL|NULL|NULL|NULL|NULL|1.3125|0.4375|4|2017-09-01 00:00:00|NULL|NULL|1|NULL|NULL
30|1046|3|NULL|NULL|Ball End Mill|BallMill_Small|Mill|NULL|NULL|NULL|NULL|NULL|1.3125|0.4375|4|2017-09-01 00:00:00|NULL|NULL|1|NULL|NULL
31|1046|1|NULL|NULL|Ball End Mill|BallMill_Large|Mill|NULL|NULL|NULL|NULL|NULL|6|1|4|2017-09-01 00:00:00|NULL|NULL|1|NULL|NULL
32|1046|2|NULL|NULL|Ball End Mill|BallMill_Small|Mill|NULL|NULL|NULL|NULL|NULL|1.3125|0.4375|4|2017-09-01 00:00:00|NULL|NULL|1|NULL|NULL
33|1046|3|NULL|NULL|Flat End Mill|FlatMill|Mill|NULL|NULL|NULL|NULL|NULL|4|0.25|4|2017-09-01 00:00:00|NULL|NULL|1|NULL|NULL
34|1046|4|NULL|NULL|Flat End Mill|FlatMill|Mill|NULL|NULL|NULL|NULL|NULL|4|0.25|4|2017-09-01 00:00:00|NULL|NULL|1|NULL|NULL
35|1166|1|NULL|NULL|Ball End Mill|BallMill_Large|Mill|NULL|NULL|NULL|NULL|NULL|6|1|4|2017-09-01 00:00:00|NULL|NULL|1|NULL|NULL
36|1166|2|NULL|NULL|Flat End Mill|FlatMill|Mill|NULL|NULL|NULL|NULL|NULL|4|0.25|4|2017-09-01 00:00:00|NULL|NULL|1|NULL|NULL
37|1166|3|NULL|NULL|Flat End Mill|FlatMill|Mill|NULL|NULL|NULL|NULL|NULL|4|0.25|4|2017-09-01 00:00:00|NULL|NULL|1|NULL|NULL
38|1166|1|NULL|NULL|Drill|Drill_Small|Drill|NULL|NULL|NULL|NULL|NULL|4|0.5|4|2017-09-01 00:00:00|NULL|NULL|1|NULL|NULL
39|1166|2|NULL|NULL|Drill|Drill_Small|Drill|NULL|NULL|NULL|NULL|NULL|4|0.5|4|2017-09-01 00:00:00|NULL|NULL|1|NULL|NULL
40|1166|3|NULL|NULL|Ball End Mill|BallMill_Large|Mill|NULL|NULL|NULL|NULL|NULL|6|1|4|2017-09-01 00:00:00|NULL|NULL|1|NULL|NULL
41|1166|4|NULL|NULL|Ball End Mill|BallMill_Large|Mill|NULL|NULL|NULL|NULL|NULL|6|1|4|2017-09-01 00:00:00|NULL|NULL|1|NULL|NULL
42|1166|1|NULL|NULL|Drill|Drill_Large|Drill|NULL|NULL|NULL|NULL|NULL|4|1|4|2017-09-01 00:00:00|NULL|NULL|1|NULL|NULL
43|1166|2|NULL|NULL|Drill|Drill_Large|Drill|NULL|NULL|NULL|NULL|NULL|4|1|4|2017-09-01 00:00:00|NULL|NULL|1|NULL|NULL
44|1166|3|NULL|NULL|Ball End Mill|BallMill_Large|Mill|NULL|NULL|NULL|NULL|NULL|6|1|4|2017-09-01 00:00:00|NULL|NULL|1|NULL|NULL
45|1166|4|NULL|NULL|Flat End Mill|FlatMill|Mill|NULL|NULL|NULL|NULL|NULL|4|0.25|4|2017-09-01 00:00:00|NULL|NULL|1|NULL|NULL
46|1166|5|NULL|NULL|Flat End Mill|FlatMill|Mill|NULL|NULL|NULL|NULL|NULL|4|0.25|4|2017-09-01 00:00:00|NULL|NULL|1|NULL|NULL
47|1166|1|NULL|NULL|Drill|Drill_Large|Drill|NULL|NULL|NULL|NULL|NULL|4|1|4|2017-09-01 00:00:00|NULL|NULL|1|NULL|NULL
48|1166|2|NULL|NULL|Drill|Drill_Large|Drill|NULL|NULL|NULL|NULL|NULL|4|1|4|2017-09-01 00:00:00|NULL|NULL|1|NULL|NULL
49|1166|3|NULL|NULL|Ball End Mill|BallMill_Small|Mill|NULL|NULL|NULL|NULL|NULL|1.3125|0.4375|4|2017-09-01 00:00:00|NULL|NULL|1|NULL|NULL
50|1166|4|NULL|NULL|Ball End Mill|BallMill_Small|Mill|NULL|NULL|NULL|NULL|NULL|1.3125|0.4375|4|2017-09-01 00:00:00|NULL|NULL|1|NULL|NULL
51|1166|1|NULL|NULL|Ball End Mill|BallMill_Small|Mill|NULL|NULL|NULL|NULL|NULL|1.3125|0.4375|4|2017-09-01 00:00:00|NULL|NULL|1|NULL|NULL
52|1166|2|NULL|NULL|Flat End Mill|FlatMill|Mill|NULL|NULL|NULL|NULL|NULL|4|0.25|4|2017-09-01 00:00:00|NULL|NULL|1|NULL|NULL
53|1166|3|NULL|NULL|Flat End Mill|FlatMill|Mill|NULL|NULL|NULL|NULL|NULL|4|0.25|4|2017-09-01 00:00:00|NULL|NULL|1|NULL|NULL
54|1166|1|NULL|NULL|Flat End Mill|FlatMill|Mill|NULL|NULL|NULL|NULL|NULL|4|0.25|4|2017-09-01 00:00:00|NULL|NULL|1|NULL|NULL
55|1166|2|NULL|NULL|Flat End Mill|FlatMill|Mill|NULL|NULL|NULL|NULL|NULL|4|0.25|4|2017-09-01 00:00:00|NULL|NULL|1|NULL|NULL
56|1166|1|NULL|NULL|Ball End Mill|BallMill_Large|Mill|NULL|NULL|NULL|NULL|NULL|6|1|4|2017-09-01 00:00:00|NULL|NULL|1|NULL|NULL
57|1166|2|NULL|NULL|Ball End Mill|BallMill_Large|Mill|NULL|NULL|NULL|NULL|NULL|6|1|4|2017-09-01 00:00:00|NULL|NULL|1|NULL|NULL
58|1166|3|NULL|NULL|Drill|Drill_Med|Drill|NULL|NULL|NULL|NULL|NULL|4|0.66|4|2017-09-01 00:00:00|NULL|NULL|1|NULL|NULL
59|1166|4|NULL|NULL|Drill|Drill_Med|Drill|NULL|NULL|NULL|NULL|NULL|4|0.66|4|2017-09-01 00:00:00|NULL|NULL|1|NULL|NULL
60|1166|1|NULL|NULL|Flat End Mill|FlatMill|Mill|NULL|NULL|NULL|NULL|NULL|4|0.25|4|2017-09-01 00:00:00|NULL|NULL|1|NULL|NULL
61|1166|2|NULL|NULL|Flat End Mill|FlatMill|Mill|NULL|NULL|NULL|NULL|NULL|4|0.25|4|2017-09-01 00:00:00|NULL|NULL|1|NULL|NULL
62|1166|1|NULL|NULL|Ball End Mill|BallMill_Large|Mill|NULL|NULL|NULL|NULL|NULL|6|1|4|2017-09-01 00:00:00|NULL|NULL|1|NULL|NULL
63|1166|2|NULL|NULL|Ball End Mill|BallMill_Small|Mill|NULL|NULL|NULL|NULL|NULL|1.3125|0.4375|4|2017-09-01 00:00:00|NULL|NULL|1|NULL|NULL
64|1166|3|NULL|NULL|Ball End Mill|BallMill_Small|Mill|NULL|NULL|NULL|NULL|NULL|1.3125|0.4375|4|2017-09-01 00:00:00|NULL|NULL|1|NULL|NULL
65|1166|1|NULL|NULL|Ball End Mill|BallMill_Large|Mill|NULL|NULL|NULL|NULL|NULL|6|1|4|2017-09-01 00:00:00|NULL|NULL|1|NULL|NULL
66|1166|2|NULL|NULL|Ball End Mill|BallMill_Small|Mill|NULL|NULL|NULL|NULL|NULL|1.3125|0.4375|4|2017-09-01 00:00:00|NULL|NULL|1|NULL|NULL
67|1166|3|NULL|NULL|Flat End Mill|FlatMill|Mill|NULL|NULL|NULL|NULL|NULL|4|0.25|4|2017-09-01 00:00:00|NULL|NULL|1|NULL|NULL
68|1166|4|NULL|NULL|Flat End Mill|FlatMill|Mill|NULL|NULL|NULL|NULL|NULL|4|0.25|4|2017-09-01 00:00:00|NULL|NULL|1|NULL|NULL

(68 row(s) affected)

